../Core/Src/main.c:90:5:main	320	static
../Core/Src/main.c:276:6:SystemClock_Config	88	static
../Core/Src/main.c:317:13:MX_SPI1_Init	8	static
../Core/Src/main.c:357:13:MX_USART2_UART_Init	8	static
../Core/Src/main.c:405:13:MX_GPIO_Init	32	static
../Core/Src/main.c:439:6:clrscr	8	static
../Core/Src/main.c:444:6:gotoxy	24	static
../Core/Src/main.c:449:6:uart_read	16	static
../Core/Src/main.c:466:6:enter_lpr_mode	4	static
../Core/Src/main.c:470:6:exit_lpr_mode	16	static
../Core/Src/main.c:487:6:Error_Handler	4	static,ignoring_inline_asm
